STDOUT send:  !!! ___ create_sending_socket ___ !!!
STDOUT send:  Mode:APP, NodeTyp:rumor, Text: -, Sender:3, Time:Mon 23 Jan 2017 12:47:07127.0.0.114118
STDOUT over:  !!! ___ create_overseer_rec_socket ___ !!!
STDOUT over:  addr('127.0.0.1', 62276)
STDOUT over:  received message:received message:Mode:APP, NodeTyp:rumor, Text: -, Sender:3, Time:Mon 23 Jan 2017 12:47:07
STDOUT rec:  !!! ___ create_receiving_socket ___ !!!
STDOUT rec:  <socket.socket fd=288, family=AddressFamily.AF_INET, type=SocketKind.SOCK_DGRAM, proto=0, laddr=('127.0.0.1', 14118)>
STDOUT rec:  received message:Mode:APP, NodeTyp:rumor, Text: -, Sender:3, Time:Mon 23 Jan 2017 12:47:07
STDOUT rec:  addr('127.0.0.1', 62275)
STDOUT rec:  APP
STDOUT rec:  rumor
STDOUT rec:  test test 
STDOUT send:  !!! ___ create_sending_socket ___ !!!
STDOUT send:  Mode:APP, NodeTyp:rumor, Text: -, Sender:3, Time:Mon 23 Jan 2017 12:47:13127.0.0.114115
STDOUT over:  !!! ___ create_overseer_rec_socket ___ !!!
STDOUT over:  addr('127.0.0.1', 52969)
STDOUT over:  received message:received message:Mode:APP, NodeTyp:rumor, Text: -, Sender:3, Time:Mon 23 Jan 2017 12:47:13
STDERR over:  Traceback (most recent call last):
STDERR over:    File "overseer_rec_socket.py", line 73, in <module>
STDERR over:      overseer_rec_socket(__host__, __port__)
STDERR over:    File "overseer_rec_socket.py", line 24, in overseer_rec_socket
STDERR over:      sock.bind((udp_ip, upd_port))
STDERR over:  OSError: [WinError 10048] Only one usage of each socket address (protocol/network address/port) is normally permitted
STDOUT rec:  !!! ___ create_receiving_socket ___ !!!
STDOUT rec:  <socket.socket fd=288, family=AddressFamily.AF_INET, type=SocketKind.SOCK_DGRAM, proto=0, laddr=('127.0.0.1', 14115)>
STDOUT rec:  received message:Mode:APP, NodeTyp:rumor, Text: -, Sender:3, Time:Mon 23 Jan 2017 12:47:13
STDOUT rec:  addr('127.0.0.1', 52968)
STDOUT rec:  APP
STDOUT rec:  rumor
STDOUT rec:  test test 
STDOUT over:  !!! ___ create_overseer_rec_socket ___ !!!
STDOUT send:  !!! ___ create_sending_socket ___ !!!
STDOUT send:  Mode:APP, NodeTyp:rumor, Text: -, Sender:3, Time:Mon 23 Jan 2017 12:47:19127.0.0.114120
STDOUT rec:  !!! ___ create_receiving_socket ___ !!!
STDOUT rec:  <socket.socket fd=288, family=AddressFamily.AF_INET, type=SocketKind.SOCK_DGRAM, proto=0, laddr=('127.0.0.1', 14120)>
STDOUT rec:  received message:Mode:APP, NodeTyp:rumor, Text: -, Sender:3, Time:Mon 23 Jan 2017 12:47:19
STDOUT rec:  addr('127.0.0.1', 52970)
STDOUT rec:  APP
STDOUT rec:  rumor
STDOUT rec:  test test 
STDOUT send:  !!! ___ create_sending_socket ___ !!!
STDOUT send:  Mode:APP, NodeTyp:rumor, Text: -, Sender:3, Time:Mon 23 Jan 2017 12:48:16127.0.0.114116
STDOUT over:  !!! ___ create_overseer_rec_socket ___ !!!
STDOUT over:  addr('127.0.0.1', 62343)
STDOUT over:  received message:received message:Mode:APP, NodeTyp:rumor, Text: -, Sender:3, Time:Mon 23 Jan 2017 12:48:16
STDOUT rec:  !!! ___ create_receiving_socket ___ !!!
STDOUT rec:  <socket.socket fd=288, family=AddressFamily.AF_INET, type=SocketKind.SOCK_DGRAM, proto=0, laddr=('127.0.0.1', 14116)>
STDOUT rec:  received message:Mode:APP, NodeTyp:rumor, Text: -, Sender:3, Time:Mon 23 Jan 2017 12:48:16
STDOUT rec:  addr('127.0.0.1', 62342)
STDOUT rec:  APP
STDOUT rec:  rumor
STDOUT rec:  test test 
STDOUT over:  !!! ___ create_overseer_rec_socket ___ !!!
STDOUT over:  addr('127.0.0.1', 62345)
STDOUT over:  received message:received message:Mode:APP, NodeTyp:rumor, Text: -, Sender:3, Time:Mon 23 Jan 2017 12:48:22
STDOUT rec:  !!! ___ create_receiving_socket ___ !!!
STDOUT rec:  <socket.socket fd=288, family=AddressFamily.AF_INET, type=SocketKind.SOCK_DGRAM, proto=0, laddr=('127.0.0.1', 14114)>
STDOUT rec:  received message:Mode:APP, NodeTyp:rumor, Text: -, Sender:3, Time:Mon 23 Jan 2017 12:48:22
STDOUT rec:  addr('127.0.0.1', 62344)
STDOUT rec:  APP
STDOUT rec:  rumor
STDOUT rec:  test test 
STDOUT send:  !!! ___ create_sending_socket ___ !!!
STDOUT send:  Mode:APP, NodeTyp:rumor, Text: -, Sender:3, Time:Mon 23 Jan 2017 12:48:22127.0.0.114114
STDOUT send:  !!! ___ create_sending_socket ___ !!!
STDOUT send:  Mode:APP, NodeTyp:rumor, Text: -, Sender:3, Time:Mon 23 Jan 2017 12:48:28127.0.0.114125
STDOUT over:  !!! ___ create_overseer_rec_socket ___ !!!
STDOUT over:  addr('127.0.0.1', 62347)
STDOUT over:  received message:received message:Mode:APP, NodeTyp:rumor, Text: -, Sender:3, Time:Mon 23 Jan 2017 12:48:28
STDOUT rec:  !!! ___ create_receiving_socket ___ !!!
STDOUT rec:  <socket.socket fd=288, family=AddressFamily.AF_INET, type=SocketKind.SOCK_DGRAM, proto=0, laddr=('127.0.0.1', 14125)>
STDOUT rec:  received message:Mode:APP, NodeTyp:rumor, Text: -, Sender:3, Time:Mon 23 Jan 2017 12:48:28
STDOUT rec:  addr('127.0.0.1', 62346)
STDOUT rec:  APP
STDOUT rec:  rumor
STDOUT rec:  test test 
STDOUT send:  !!! ___ create_sending_socket ___ !!!
STDOUT send:  Mode:APP, NodeTyp:rumor, Text: -, Sender:3, Time:Mon 23 Jan 2017 12:49:20127.0.0.114130
STDOUT over:  !!! ___ create_overseer_rec_socket ___ !!!
STDOUT over:  addr('127.0.0.1', 64433)
STDOUT over:  received message:received message:Mode:APP, NodeTyp:rumor, Text: -, Sender:3, Time:Mon 23 Jan 2017 12:49:20
STDOUT rec:  !!! ___ create_receiving_socket ___ !!!
STDOUT rec:  <socket.socket fd=288, family=AddressFamily.AF_INET, type=SocketKind.SOCK_DGRAM, proto=0, laddr=('127.0.0.1', 14130)>
STDOUT rec:  received message:Mode:APP, NodeTyp:rumor, Text: -, Sender:3, Time:Mon 23 Jan 2017 12:49:20
STDOUT rec:  addr('127.0.0.1', 64432)
STDOUT rec:  APP
STDOUT rec:  rumor
STDOUT rec:  test test 
STDOUT rec:  !!! ___ create_receiving_socket ___ !!!
STDOUT rec:  <socket.socket fd=288, family=AddressFamily.AF_INET, type=SocketKind.SOCK_DGRAM, proto=0, laddr=('127.0.0.1', 14111)>
STDOUT rec:  received message:Mode:APP, NodeTyp:rumor, Text: -, Sender:3, Time:Mon 23 Jan 2017 12:49:26
STDOUT rec:  addr('127.0.0.1', 64434)
STDOUT rec:  APP
STDOUT rec:  rumor
STDOUT rec:  test test 
STDOUT over:  !!! ___ create_overseer_rec_socket ___ !!!
STDOUT over:  addr('127.0.0.1', 64435)
STDOUT over:  received message:received message:Mode:APP, NodeTyp:rumor, Text: -, Sender:3, Time:Mon 23 Jan 2017 12:49:26
STDOUT send:  !!! ___ create_sending_socket ___ !!!
STDOUT send:  Mode:APP, NodeTyp:rumor, Text: -, Sender:3, Time:Mon 23 Jan 2017 12:49:26127.0.0.114111
STDOUT send:  !!! ___ create_sending_socket ___ !!!
STDOUT send:  Mode:APP, NodeTyp:rumor, Text: -, Sender:3, Time:Mon 23 Jan 2017 12:49:32127.0.0.114119
STDOUT over:  !!! ___ create_overseer_rec_socket ___ !!!
STDOUT over:  addr('127.0.0.1', 64437)
STDOUT over:  received message:received message:Mode:APP, NodeTyp:rumor, Text: -, Sender:3, Time:Mon 23 Jan 2017 12:49:32
STDOUT rec:  !!! ___ create_receiving_socket ___ !!!
STDOUT rec:  <socket.socket fd=288, family=AddressFamily.AF_INET, type=SocketKind.SOCK_DGRAM, proto=0, laddr=('127.0.0.1', 14119)>
STDOUT rec:  received message:Mode:APP, NodeTyp:rumor, Text: -, Sender:3, Time:Mon 23 Jan 2017 12:49:32
STDOUT rec:  addr('127.0.0.1', 64436)
STDOUT rec:  APP
STDOUT rec:  rumor
STDOUT rec:  test test 
